
	Phuong trinh co nghiem: -0.776884.
	Phuong trinh co nghiem: -0.776884.